
> backend@1.0.0 test
> jest

npm : FAIL 
tests/index.test.ts
At line:1 char:1
+ npm test > 
test_output.txt 2>&1
+ ~~~~~~~~~~~~~~~~~~~~~
~~~~~~~~~~
    + CategoryInfo     
         : NotSpecifi  
  ed: (FAIL tests/in   
 dex.test.ts:String    
) [], RemoteExcept    
ion
    + FullyQualifiedEr 
   rorId : NativeComm  
  andError
 
  ΓùÅ Test suite 
failed to run

    [96mtests/index.te
st.ts[0m:[93m1[0m:[
93m21[0m - 
[91merror[0m[90m 
TS7016: [0mCould not 
find a declaration 
file for module 
'supertest'. 'D:/Person
alWork/SPA_Rabbitt/back
end/node_modules/supert
est/index.js' 
implicitly has an 
'any' type.
      Try `npm i 
--save-dev 
@types/supertest` if 
it exists or add a new 
declaration (.d.ts) 
file containing 
`declare module 
'supertest';`

    [7m1[0m import 
request from 
'supertest';
    [7m [0m [91m    
                
~~~~~~~~~~~[0m

Test Suites: 1 failed, 
1 total
Tests:       0 total
Snapshots:   0 total
Time:        3.857 s
Ran all test suites.
